💾 Backing up current version...
🔄 Pulling latest code from main...
From github.com:arunjaisankardev/enterprise-python-app
 * branch            main       -> FETCH_HEAD
✅ No changes detected, deployment skipped
💾 Backing up current version...
🔄 Pulling latest code from main...
From github.com:arunjaisankardev/enterprise-python-app
 * branch            main       -> FETCH_HEAD
✅ No changes detected, deployment skipped
💾 Backing up current version...
🔄 Pulling latest code from main...
From github.com:arunjaisankardev/enterprise-python-app
 * branch            main       -> FETCH_HEAD
✅ No changes detected, deployment skipped
💾 Backing up current version...
🔄 Pulling latest code from main...
From github.com:arunjaisankardev/enterprise-python-app
 * branch            main       -> FETCH_HEAD
✅ No changes detected, deployment skipped
